Archive member included because of file (symbol)

/usr/lib/libulk.a(ulk_fpga_uart.o)
                              main.o (ulk_fpga_uart_init)
/usr/lib/libulk.a(ulk_proc_gpio.o)
                              main.o (ulk_proc_gpio_init)
/usr/lib/libulk.a(ulk_proc_gpmc.o)
                              /usr/lib/libulk.a(ulk_fpga_uart.o) (ulk_proc_gpmc_init)
/usr/lib/libulk.a(ulk_proc_intr.o)
                              /usr/lib/libulk.a(ulk_proc_gpio.o) (irq_installer)
/usr/lib/libulk.a(ulk_proc_io.o)
                              /usr/lib/libulk.a(ulk_fpga_uart.o) (ulk_printf)
/ulk/toolchain/CodeSourcery/Sourcery_G++_Lite/lib/gcc/arm-none-linux-gnueabi/4.2.1/libgcc.a(_udivsi3.o)
                              /usr/lib/libulk.a(ulk_proc_io.o) (__aeabi_uidiv)
/ulk/toolchain/CodeSourcery/Sourcery_G++_Lite/lib/gcc/arm-none-linux-gnueabi/4.2.1/libgcc.a(_divsi3.o)
                              /usr/lib/libulk.a(ulk_fpga_uart.o) (__aeabi_idiv)
/ulk/toolchain/CodeSourcery/Sourcery_G++_Lite/lib/gcc/arm-none-linux-gnueabi/4.2.1/libgcc.a(_dvmd_lnx.o)
                              /ulk/toolchain/CodeSourcery/Sourcery_G++_Lite/lib/gcc/arm-none-linux-gnueabi/4.2.1/libgcc.a(_udivsi3.o) (__div0)

Allocating common symbols
Common symbol       size              file

received_scanf_string
                    0x64              /usr/lib/libulk.a(ulk_proc_io.o)
receive_buffer      0x7d0             /usr/lib/libulk.a(ulk_proc_io.o)
buffer              0x8e              /usr/lib/libulk.a(ulk_proc_io.o)

Memory Configuration

Name             Origin             Length             Attributes
ram              0x82000000         0x00007800
usrstack         0x82007800         0x00005000
*default*        0x00000000         0xffffffff

Linker script and memory map

LOAD main.o

.text           0x82000000     0x4d80
                0x82000000                . = 0x0
                0x82000000                __text_start = .
 *.o(entry)
 entry          0x82000000       0x80 main.o
                0x82000000                main
 *.o(.text)
 .text          0x82000080        0x4 main.o
                0x82000080                raise
 .text          0x82000084      0x458 /usr/lib/libulk.a(ulk_fpga_uart.o)
                0x82000084                ulk_fpga_uart_reg_init
                0x82000348                NS16550_putc_fpga
                0x82000234                ulk_fpga_uart_puts
                0x820001ec                ulk_fpga_uart_putc
                0x82000380                NS16550_getc_fpga
                0x8200017c                ulk_fpga_uart_init
                0x820003d4                NS16500_set_parity_data_sb1
                0x82000288                ulk_fpga_uart_gets
                0x820001cc                ulk_fpga_uart_getc
 .text          0x820004dc     0x1680 /usr/lib/libulk.a(ulk_proc_gpio.o)
                0x82000810                ulk_proc_gpio_get_data_in
                0x82001588                ulk_proc_sys_pad_set_mux_mode
                0x82000abc                ulk_proc_gpio_enable_debounce
                0x820010e0                ulk_proc_gpio_irq_clear_iva
                0x82001984                ulk_proc_sys_pad_get_dir
                0x82000d08                ulk_proc_gpio_irq_enable_mpu
                0x82001648                ulk_proc_sys_pad_get_mux_mode
                0x82000f28                ulk_proc_gpio_irq_clear_mpu
                0x82000660                ulk_proc_gpio_set_dir
                0x82001390                ulk_proc_gpio_irq_trig_edge_r
                0x820018c4                ulk_proc_sys_pad_set_dir
                0x82001ad0                ulk_proc_sys_pad_get_wakeup
                0x820004dc                ulk_proc_gpio_init
                0x82000fe0                ulk_proc_gpio_irq_enable_iva
                0x8200148c                ulk_proc_gpio_irq_trig_edge_f
                0x82001294                ulk_proc_gpio_irq_trig_level_1
                0x820016d0                ulk_proc_sys_pad_set_pull
                0x820017e4                ulk_proc_sys_pad_get_pull
                0x82000bb8                ulk_proc_gpio_get_debounce_time
                0x8200075c                ulk_proc_gpio_get_dir
                0x820009c0                ulk_proc_gpio_enable_wakeup
                0x8200056c                ulk_proc_gpio_reset
                0x82000c48                ulk_proc_gpio_set_debounce_time
                0x82001a10                ulk_proc_sys_pad_set_wakeup
                0x820008c4                ulk_proc_gpio_set_data_out
                0x82001198                ulk_proc_gpio_irq_trig_level_0
 .text          0x82001b5c      0x14c /usr/lib/libulk.a(ulk_proc_gpmc.o)
                0x82001b5c                ulk_proc_gpmc_init
                0x82001b70                ulk_proc_gpmc_config
 .text          0x82001ca8      0x16c /usr/lib/libulk.a(ulk_proc_intr.o)
                0x82001ca8                swi_installer
                0x82001d94                fiq_installer
                0x82001d14                irq_installer
 .text          0x82001e14     0x28fc /usr/lib/libulk.a(ulk_proc_io.o)
                0x82001e14                ulk_memset
                0x82001fb4                ulk_printf
                0x820037c8                ulk_strlen
                0x82001f48                memcpy
                0x820020c4                ulk_serial_puts
                0x82002a48                ulk_strnlen
                0x820029bc                skip_atoi
                0x8200402c                ulk_strcpy
                0x82002ad0                number
                0x82003f74                diag_toupper
                0x82002118                ulk_vsprintf
                0x820039a4                ulk_scanf_hex
                0x82004074                process_received_data
                0x82001edc                ulk_memcpy
                0x82002fe0                ulk_cpanel_printf
                0x82001e78                memset
                0x82003e04                string_to_hex
                0x82003d00                eth_rx
                0x820032ac                create_udp_packet
                0x82002020                ulk_diag_putchar
                0x82003fd8                diag_islower
                0x82004334                ulk_scanf_string
                0x82003830                eth_send
                0x82002098                ulk_puts
                0x82002f90                ulk_sprintf
 .text          0x82004710      0x208 /ulk/toolchain/CodeSourcery/Sourcery_G++_Lite/lib/gcc/arm-none-linux-gnueabi/4.2.1/libgcc.a(_udivsi3.o)
                0x82004710                __udivsi3
                0x82004710                __aeabi_uidiv
                0x82004900                __aeabi_uidivmod
 .text          0x82004918      0x238 /ulk/toolchain/CodeSourcery/Sourcery_G++_Lite/lib/gcc/arm-none-linux-gnueabi/4.2.1/libgcc.a(_divsi3.o)
                0x82004918                __aeabi_idiv
                0x82004918                __divsi3
                0x82004b38                __aeabi_idivmod
 .text          0x82004b50       0x10 /ulk/toolchain/CodeSourcery/Sourcery_G++_Lite/lib/gcc/arm-none-linux-gnueabi/4.2.1/libgcc.a(_dvmd_lnx.o)
                0x82004b50                __div0
 *.o(.strings)
 *.o(.rodata)
 .rodata        0x82004b60        0x8 /usr/lib/libulk.a(ulk_fpga_uart.o)
 .rodata        0x82004b68       0x58 /usr/lib/libulk.a(ulk_proc_io.o)
 *.o(.rodata.*)
 .rodata.str1.4
                0x82004bc0       0x24 main.o
 *.o(.comment)
 .comment       0x82004be4       0x37 main.o
 .comment       0x82004c1b       0x37 /usr/lib/libulk.a(ulk_fpga_uart.o)
 .comment       0x82004c52       0x37 /usr/lib/libulk.a(ulk_proc_gpio.o)
 .comment       0x82004c89       0x37 /usr/lib/libulk.a(ulk_proc_gpmc.o)
 .comment       0x82004cc0       0x37 /usr/lib/libulk.a(ulk_proc_intr.o)
 .comment       0x82004cf7       0x37 /usr/lib/libulk.a(ulk_proc_io.o)
 *.o(.debug*)
 *fill*         0x82004d2e        0x2 00
 .debug_frame   0x82004d30       0x28 /ulk/toolchain/CodeSourcery/Sourcery_G++_Lite/lib/gcc/arm-none-linux-gnueabi/4.2.1/libgcc.a(_udivsi3.o)
 .debug_frame   0x82004d58       0x28 /ulk/toolchain/CodeSourcery/Sourcery_G++_Lite/lib/gcc/arm-none-linux-gnueabi/4.2.1/libgcc.a(_divsi3.o)
 *(.rodata.*)
 *(.rodata)
 *(.eh_frame)
                0x82004d80                . = ALIGN (0x20)
                0x82004d80                __text_end = .

.vfp11_veneer   0x00000000        0x0
 .vfp11_veneer  0x00000000        0x0 main.o
 .vfp11_veneer  0x00000000        0x0 /usr/lib/libulk.a(ulk_fpga_uart.o)
 .vfp11_veneer  0x00000000        0x0 /usr/lib/libulk.a(ulk_proc_gpio.o)
 .vfp11_veneer  0x00000000        0x0 /usr/lib/libulk.a(ulk_proc_gpmc.o)
 .vfp11_veneer  0x00000000        0x0 /usr/lib/libulk.a(ulk_proc_intr.o)
 .vfp11_veneer  0x00000000        0x0 /usr/lib/libulk.a(ulk_proc_io.o)
 .vfp11_veneer  0x00000000        0x0 /ulk/toolchain/CodeSourcery/Sourcery_G++_Lite/lib/gcc/arm-none-linux-gnueabi/4.2.1/libgcc.a(_udivsi3.o)
 .vfp11_veneer  0x00000000        0x0 /ulk/toolchain/CodeSourcery/Sourcery_G++_Lite/lib/gcc/arm-none-linux-gnueabi/4.2.1/libgcc.a(_divsi3.o)
 .vfp11_veneer  0x00000000        0x0 /ulk/toolchain/CodeSourcery/Sourcery_G++_Lite/lib/gcc/arm-none-linux-gnueabi/4.2.1/libgcc.a(_dvmd_lnx.o)

.init           0x82004d80      0x200
                0x82004d80                . = ALIGN (0x20)
                0x82004d80                __data_start = .
                0x82004d80                . = ALIGN (0x20)
 *(.data)
 .data          0x82004d80       0x40 main.o
                0x82004d90                pwm_clk_base
                0x82004d80                pwm_base
                0x82004db0                pwm_clk_sel
                0x82004da0                pwm_clk
 .data          0x82004dc0        0x0 /usr/lib/libulk.a(ulk_fpga_uart.o)
 .data          0x82004dc0      0x1a8 /usr/lib/libulk.a(ulk_proc_gpio.o)
                0x82004dd8                gpio_control_pad_offset
                0x82004dc0                bank_base
 .data          0x82004f68        0x0 /usr/lib/libulk.a(ulk_proc_gpmc.o)
 .data          0x82004f68        0x4 /usr/lib/libulk.a(ulk_proc_intr.o)
                0x82004f68                interrupt_array_pointer
 .data          0x82004f6c        0x0 /usr/lib/libulk.a(ulk_proc_io.o)
 .data          0x82004f6c        0x0 /ulk/toolchain/CodeSourcery/Sourcery_G++_Lite/lib/gcc/arm-none-linux-gnueabi/4.2.1/libgcc.a(_udivsi3.o)
 .data          0x82004f6c        0x0 /ulk/toolchain/CodeSourcery/Sourcery_G++_Lite/lib/gcc/arm-none-linux-gnueabi/4.2.1/libgcc.a(_divsi3.o)
 .data          0x82004f6c        0x0 /ulk/toolchain/CodeSourcery/Sourcery_G++_Lite/lib/gcc/arm-none-linux-gnueabi/4.2.1/libgcc.a(_dvmd_lnx.o)
 *(.glue_7)
 .glue_7        0x82004f6c        0x0 main.o
 .glue_7        0x82004f6c        0x0 /usr/lib/libulk.a(ulk_fpga_uart.o)
 .glue_7        0x82004f6c        0x0 /usr/lib/libulk.a(ulk_proc_gpio.o)
 .glue_7        0x82004f6c        0x0 /usr/lib/libulk.a(ulk_proc_gpmc.o)
 .glue_7        0x82004f6c        0x0 /usr/lib/libulk.a(ulk_proc_intr.o)
 .glue_7        0x82004f6c        0x0 /usr/lib/libulk.a(ulk_proc_io.o)
 .glue_7        0x82004f6c        0x0 /ulk/toolchain/CodeSourcery/Sourcery_G++_Lite/lib/gcc/arm-none-linux-gnueabi/4.2.1/libgcc.a(_udivsi3.o)
 .glue_7        0x82004f6c        0x0 /ulk/toolchain/CodeSourcery/Sourcery_G++_Lite/lib/gcc/arm-none-linux-gnueabi/4.2.1/libgcc.a(_divsi3.o)
 .glue_7        0x82004f6c        0x0 /ulk/toolchain/CodeSourcery/Sourcery_G++_Lite/lib/gcc/arm-none-linux-gnueabi/4.2.1/libgcc.a(_dvmd_lnx.o)
 *(.glue_7t)
 .glue_7t       0x82004f6c        0x0 main.o
 .glue_7t       0x82004f6c        0x0 /usr/lib/libulk.a(ulk_fpga_uart.o)
 .glue_7t       0x82004f6c        0x0 /usr/lib/libulk.a(ulk_proc_gpio.o)
 .glue_7t       0x82004f6c        0x0 /usr/lib/libulk.a(ulk_proc_gpmc.o)
 .glue_7t       0x82004f6c        0x0 /usr/lib/libulk.a(ulk_proc_intr.o)
 .glue_7t       0x82004f6c        0x0 /usr/lib/libulk.a(ulk_proc_io.o)
 .glue_7t       0x82004f6c        0x0 /ulk/toolchain/CodeSourcery/Sourcery_G++_Lite/lib/gcc/arm-none-linux-gnueabi/4.2.1/libgcc.a(_udivsi3.o)
 .glue_7t       0x82004f6c        0x0 /ulk/toolchain/CodeSourcery/Sourcery_G++_Lite/lib/gcc/arm-none-linux-gnueabi/4.2.1/libgcc.a(_divsi3.o)
 .glue_7t       0x82004f6c        0x0 /ulk/toolchain/CodeSourcery/Sourcery_G++_Lite/lib/gcc/arm-none-linux-gnueabi/4.2.1/libgcc.a(_dvmd_lnx.o)
                0x82004f80                . = ALIGN (0x20)
 *fill*         0x82004f6c       0x14 00
                0x82004f80                __data_end = .
                0x82004f80                . = ALIGN (0x20)

.bss            0x82004f80      0x900
                0x82004f80                __bss_start = .
 *(.bss)
 .bss           0x82004f80        0x0 main.o
 .bss           0x82004f80        0x0 /usr/lib/libulk.a(ulk_fpga_uart.o)
 .bss           0x82004f80        0x0 /usr/lib/libulk.a(ulk_proc_gpio.o)
 .bss           0x82004f80        0x0 /usr/lib/libulk.a(ulk_proc_gpmc.o)
 .bss           0x82004f80        0x0 /usr/lib/libulk.a(ulk_proc_intr.o)
 .bss           0x82004f80        0x8 /usr/lib/libulk.a(ulk_proc_io.o)
                0x82004f84                rxpoll
                0x82004f80                a
 .bss           0x82004f88        0x0 /ulk/toolchain/CodeSourcery/Sourcery_G++_Lite/lib/gcc/arm-none-linux-gnueabi/4.2.1/libgcc.a(_udivsi3.o)
 .bss           0x82004f88        0x0 /ulk/toolchain/CodeSourcery/Sourcery_G++_Lite/lib/gcc/arm-none-linux-gnueabi/4.2.1/libgcc.a(_divsi3.o)
 .bss           0x82004f88        0x0 /ulk/toolchain/CodeSourcery/Sourcery_G++_Lite/lib/gcc/arm-none-linux-gnueabi/4.2.1/libgcc.a(_dvmd_lnx.o)
 *(COMMON)
 *fill*         0x82004f88       0x18 00
 COMMON         0x82004fa0      0x8ce /usr/lib/libulk.a(ulk_proc_io.o)
                0x82004fa0                received_scanf_string
                0x82005004                receive_buffer
                0x820057e0                buffer
                0x82005880                . = ALIGN (0x20)
 *fill*         0x8200586e       0x12 00
                0x82005880                __bss_end = .

.stack          0x82007800        0x0
                0x82007800                __stack_start = .
 *(.stack)
                0x82007800                __stack_end = .
                0x82007800                . = ALIGN (0x20)
LOAD /usr/lib/libulk.a
LOAD /ulk/toolchain/CodeSourcery/Sourcery_G++_Lite/lib/gcc/arm-none-linux-gnueabi/4.2.1/libgcc.a
Address of section .text set to 0x82000000
OUTPUT(usbuartIn.elf elf32-littlearm)

.note.GNU-stack
                0x00000000        0x0
 .note.GNU-stack
                0x00000000        0x0 main.o
 .note.GNU-stack
                0x00000000        0x0 /usr/lib/libulk.a(ulk_fpga_uart.o)
 .note.GNU-stack
                0x00000000        0x0 /usr/lib/libulk.a(ulk_proc_gpio.o)
 .note.GNU-stack
                0x00000000        0x0 /usr/lib/libulk.a(ulk_proc_gpmc.o)
 .note.GNU-stack
                0x00000000        0x0 /usr/lib/libulk.a(ulk_proc_intr.o)
 .note.GNU-stack
                0x00000000        0x0 /usr/lib/libulk.a(ulk_proc_io.o)
 .note.GNU-stack
                0x00000000        0x0 /ulk/toolchain/CodeSourcery/Sourcery_G++_Lite/lib/gcc/arm-none-linux-gnueabi/4.2.1/libgcc.a(_udivsi3.o)
 .note.GNU-stack
                0x00000000        0x0 /ulk/toolchain/CodeSourcery/Sourcery_G++_Lite/lib/gcc/arm-none-linux-gnueabi/4.2.1/libgcc.a(_divsi3.o)
 .note.GNU-stack
                0x00000000        0x0 /ulk/toolchain/CodeSourcery/Sourcery_G++_Lite/lib/gcc/arm-none-linux-gnueabi/4.2.1/libgcc.a(_dvmd_lnx.o)

.ARM.attributes
                0x00000000       0x2a
 .ARM.attributes
                0x00000000       0x2a main.o
 .ARM.attributes
                0x0000002a       0x2a /usr/lib/libulk.a(ulk_fpga_uart.o)
 .ARM.attributes
                0x00000054       0x2a /usr/lib/libulk.a(ulk_proc_gpio.o)
 .ARM.attributes
                0x0000007e       0x2a /usr/lib/libulk.a(ulk_proc_gpmc.o)
 .ARM.attributes
                0x000000a8       0x2a /usr/lib/libulk.a(ulk_proc_intr.o)
 .ARM.attributes
                0x000000d2       0x2a /usr/lib/libulk.a(ulk_proc_io.o)
 .ARM.attributes
                0x000000fc       0x14 /ulk/toolchain/CodeSourcery/Sourcery_G++_Lite/lib/gcc/arm-none-linux-gnueabi/4.2.1/libgcc.a(_udivsi3.o)
 .ARM.attributes
                0x00000110       0x14 /ulk/toolchain/CodeSourcery/Sourcery_G++_Lite/lib/gcc/arm-none-linux-gnueabi/4.2.1/libgcc.a(_divsi3.o)
 .ARM.attributes
                0x00000124       0x14 /ulk/toolchain/CodeSourcery/Sourcery_G++_Lite/lib/gcc/arm-none-linux-gnueabi/4.2.1/libgcc.a(_dvmd_lnx.o)
