Archive member included because of file (symbol)

/usr/lib/libulk.a(ulk_proc_gpio.o)
                              main.o (ulk_proc_gpio_init)
/usr/lib/libulk.a(ulk_proc_intr.o)
                              /usr/lib/libulk.a(ulk_proc_gpio.o) (irq_installer)
/usr/lib/libulk.a(ulk_proc_io.o)
                              main.o (ulk_cpanel_printf)
/usr/lib/libulk.a(ulk_proc_timer.o)
                              main.o (ulk_proc_delay)
/ulk/toolchain/CodeSourcery/Sourcery_G++_Lite/lib/gcc/arm-none-linux-gnueabi/4.2.1/libgcc.a(_udivsi3.o)
                              /usr/lib/libulk.a(ulk_proc_io.o) (__aeabi_uidiv)
/ulk/toolchain/CodeSourcery/Sourcery_G++_Lite/lib/gcc/arm-none-linux-gnueabi/4.2.1/libgcc.a(_dvmd_lnx.o)
                              /ulk/toolchain/CodeSourcery/Sourcery_G++_Lite/lib/gcc/arm-none-linux-gnueabi/4.2.1/libgcc.a(_udivsi3.o) (__div0)

Allocating common symbols
Common symbol       size              file

received_scanf_string
                    0x64              /usr/lib/libulk.a(ulk_proc_io.o)
receive_buffer      0x7d0             /usr/lib/libulk.a(ulk_proc_io.o)
buffer              0x8e              /usr/lib/libulk.a(ulk_proc_io.o)

Memory Configuration

Name             Origin             Length             Attributes
ram              0x82000000         0x00007800
usrstack         0x82007800         0x00005000
*default*        0x00000000         0xffffffff

Linker script and memory map

LOAD main.o

.text           0x82000000     0x4f80
                0x82000000                . = 0x0
                0x82000000                __text_start = .
 *.o(entry)
 entry          0x82000000      0x298 main.o
                0x82000000                main
 *.o(.text)
 .text          0x82000298        0x4 main.o
                0x82000298                raise
 .text          0x8200029c     0x1680 /usr/lib/libulk.a(ulk_proc_gpio.o)
                0x820005d0                ulk_proc_gpio_get_data_in
                0x82001348                ulk_proc_sys_pad_set_mux_mode
                0x8200087c                ulk_proc_gpio_enable_debounce
                0x82000ea0                ulk_proc_gpio_irq_clear_iva
                0x82001744                ulk_proc_sys_pad_get_dir
                0x82000ac8                ulk_proc_gpio_irq_enable_mpu
                0x82001408                ulk_proc_sys_pad_get_mux_mode
                0x82000ce8                ulk_proc_gpio_irq_clear_mpu
                0x82000420                ulk_proc_gpio_set_dir
                0x82001150                ulk_proc_gpio_irq_trig_edge_r
                0x82001684                ulk_proc_sys_pad_set_dir
                0x82001890                ulk_proc_sys_pad_get_wakeup
                0x8200029c                ulk_proc_gpio_init
                0x82000da0                ulk_proc_gpio_irq_enable_iva
                0x8200124c                ulk_proc_gpio_irq_trig_edge_f
                0x82001054                ulk_proc_gpio_irq_trig_level_1
                0x82001490                ulk_proc_sys_pad_set_pull
                0x820015a4                ulk_proc_sys_pad_get_pull
                0x82000978                ulk_proc_gpio_get_debounce_time
                0x8200051c                ulk_proc_gpio_get_dir
                0x82000780                ulk_proc_gpio_enable_wakeup
                0x8200032c                ulk_proc_gpio_reset
                0x82000a08                ulk_proc_gpio_set_debounce_time
                0x820017d0                ulk_proc_sys_pad_set_wakeup
                0x82000684                ulk_proc_gpio_set_data_out
                0x82000f58                ulk_proc_gpio_irq_trig_level_0
 .text          0x8200191c      0x16c /usr/lib/libulk.a(ulk_proc_intr.o)
                0x8200191c                swi_installer
                0x82001a08                fiq_installer
                0x82001988                irq_installer
 .text          0x82001a88     0x28fc /usr/lib/libulk.a(ulk_proc_io.o)
                0x82001a88                ulk_memset
                0x82001c28                ulk_printf
                0x8200343c                ulk_strlen
                0x82001bbc                memcpy
                0x82001d38                ulk_serial_puts
                0x820026bc                ulk_strnlen
                0x82002630                skip_atoi
                0x82003ca0                ulk_strcpy
                0x82002744                number
                0x82003be8                diag_toupper
                0x82001d8c                ulk_vsprintf
                0x82003618                ulk_scanf_hex
                0x82003ce8                process_received_data
                0x82001b50                ulk_memcpy
                0x82002c54                ulk_cpanel_printf
                0x82001aec                memset
                0x82003a78                string_to_hex
                0x82003974                eth_rx
                0x82002f20                create_udp_packet
                0x82001c94                ulk_diag_putchar
                0x82003c4c                diag_islower
                0x82003fa8                ulk_scanf_string
                0x820034a4                eth_send
                0x82001d0c                ulk_puts
                0x82002c04                ulk_sprintf
 .text          0x82004384      0x834 /usr/lib/libulk.a(ulk_proc_timer.o)
                0x82004a20                ulk_proc_timeout_nb
                0x8200471c                ulk_proc_timer_start
                0x82004894                ulk_proc_timer_reset
                0x820044a4                ulk_proc_timer_init
                0x820047f4                ulk_proc_timer_stop
                0x8200468c                ulk_proc_timer_config
                0x8200493c                ulk_proc_delay
                0x82004384                ulk_proc_timer_isr
 .text          0x82004bb8      0x208 /ulk/toolchain/CodeSourcery/Sourcery_G++_Lite/lib/gcc/arm-none-linux-gnueabi/4.2.1/libgcc.a(_udivsi3.o)
                0x82004bb8                __udivsi3
                0x82004bb8                __aeabi_uidiv
                0x82004da8                __aeabi_uidivmod
 .text          0x82004dc0       0x10 /ulk/toolchain/CodeSourcery/Sourcery_G++_Lite/lib/gcc/arm-none-linux-gnueabi/4.2.1/libgcc.a(_dvmd_lnx.o)
                0x82004dc0                __div0
 *.o(.strings)
 *.o(.rodata)
 .rodata        0x82004dd0       0x58 /usr/lib/libulk.a(ulk_proc_io.o)
 *.o(.rodata.*)
 .rodata.str1.4
                0x82004e28       0x18 main.o
 *.o(.comment)
 .comment       0x82004e40       0x37 main.o
 .comment       0x82004e77       0x37 /usr/lib/libulk.a(ulk_proc_gpio.o)
 .comment       0x82004eae       0x37 /usr/lib/libulk.a(ulk_proc_intr.o)
 .comment       0x82004ee5       0x37 /usr/lib/libulk.a(ulk_proc_io.o)
 .comment       0x82004f1c       0x37 /usr/lib/libulk.a(ulk_proc_timer.o)
 *.o(.debug*)
 *fill*         0x82004f53        0x1 00
 .debug_frame   0x82004f54       0x28 /ulk/toolchain/CodeSourcery/Sourcery_G++_Lite/lib/gcc/arm-none-linux-gnueabi/4.2.1/libgcc.a(_udivsi3.o)
 *(.rodata.*)
 *(.rodata)
 *(.eh_frame)
                0x82004f80                . = ALIGN (0x20)
 *fill*         0x82004f7c        0x4 00
                0x82004f80                __text_end = .

.vfp11_veneer   0x00000000        0x0
 .vfp11_veneer  0x00000000        0x0 main.o
 .vfp11_veneer  0x00000000        0x0 /usr/lib/libulk.a(ulk_proc_gpio.o)
 .vfp11_veneer  0x00000000        0x0 /usr/lib/libulk.a(ulk_proc_intr.o)
 .vfp11_veneer  0x00000000        0x0 /usr/lib/libulk.a(ulk_proc_io.o)
 .vfp11_veneer  0x00000000        0x0 /usr/lib/libulk.a(ulk_proc_timer.o)
 .vfp11_veneer  0x00000000        0x0 /ulk/toolchain/CodeSourcery/Sourcery_G++_Lite/lib/gcc/arm-none-linux-gnueabi/4.2.1/libgcc.a(_udivsi3.o)
 .vfp11_veneer  0x00000000        0x0 /ulk/toolchain/CodeSourcery/Sourcery_G++_Lite/lib/gcc/arm-none-linux-gnueabi/4.2.1/libgcc.a(_dvmd_lnx.o)

.init           0x82004f80      0x300
                0x82004f80                . = ALIGN (0x20)
                0x82004f80                __data_start = .
                0x82004f80                . = ALIGN (0x20)
 *(.data)
 .data          0x82004f80       0x40 main.o
                0x82004f90                pwm_clk_base
                0x82004f80                pwm_base
                0x82004fb0                pwm_clk_sel
                0x82004fa0                pwm_clk
 .data          0x82004fc0      0x1a8 /usr/lib/libulk.a(ulk_proc_gpio.o)
                0x82004fd8                gpio_control_pad_offset
                0x82004fc0                bank_base
 .data          0x82005168        0x4 /usr/lib/libulk.a(ulk_proc_intr.o)
                0x82005168                interrupt_array_pointer
 .data          0x8200516c        0x0 /usr/lib/libulk.a(ulk_proc_io.o)
 .data          0x8200516c      0x104 /usr/lib/libulk.a(ulk_proc_timer.o)
                0x820051a0                timer_clk_base
                0x8200516c                timer_base
                0x8200523c                timer_irq_num
                0x82005208                timer_clk_sel
                0x820051d4                timer_clk
 .data          0x82005270        0x0 /ulk/toolchain/CodeSourcery/Sourcery_G++_Lite/lib/gcc/arm-none-linux-gnueabi/4.2.1/libgcc.a(_udivsi3.o)
 .data          0x82005270        0x0 /ulk/toolchain/CodeSourcery/Sourcery_G++_Lite/lib/gcc/arm-none-linux-gnueabi/4.2.1/libgcc.a(_dvmd_lnx.o)
 *(.glue_7)
 .glue_7        0x82005270        0x0 main.o
 .glue_7        0x82005270        0x0 /usr/lib/libulk.a(ulk_proc_gpio.o)
 .glue_7        0x82005270        0x0 /usr/lib/libulk.a(ulk_proc_intr.o)
 .glue_7        0x82005270        0x0 /usr/lib/libulk.a(ulk_proc_io.o)
 .glue_7        0x82005270        0x0 /usr/lib/libulk.a(ulk_proc_timer.o)
 .glue_7        0x82005270        0x0 /ulk/toolchain/CodeSourcery/Sourcery_G++_Lite/lib/gcc/arm-none-linux-gnueabi/4.2.1/libgcc.a(_udivsi3.o)
 .glue_7        0x82005270        0x0 /ulk/toolchain/CodeSourcery/Sourcery_G++_Lite/lib/gcc/arm-none-linux-gnueabi/4.2.1/libgcc.a(_dvmd_lnx.o)
 *(.glue_7t)
 .glue_7t       0x82005270        0x0 main.o
 .glue_7t       0x82005270        0x0 /usr/lib/libulk.a(ulk_proc_gpio.o)
 .glue_7t       0x82005270        0x0 /usr/lib/libulk.a(ulk_proc_intr.o)
 .glue_7t       0x82005270        0x0 /usr/lib/libulk.a(ulk_proc_io.o)
 .glue_7t       0x82005270        0x0 /usr/lib/libulk.a(ulk_proc_timer.o)
 .glue_7t       0x82005270        0x0 /ulk/toolchain/CodeSourcery/Sourcery_G++_Lite/lib/gcc/arm-none-linux-gnueabi/4.2.1/libgcc.a(_udivsi3.o)
 .glue_7t       0x82005270        0x0 /ulk/toolchain/CodeSourcery/Sourcery_G++_Lite/lib/gcc/arm-none-linux-gnueabi/4.2.1/libgcc.a(_dvmd_lnx.o)
                0x82005280                . = ALIGN (0x20)
 *fill*         0x82005270       0x10 00
                0x82005280                __data_end = .
                0x82005280                . = ALIGN (0x20)

.bss            0x82005280      0x9a0
                0x82005280                __bss_start = .
 *(.bss)
 .bss           0x82005280        0x0 main.o
 .bss           0x82005280        0x0 /usr/lib/libulk.a(ulk_proc_gpio.o)
 .bss           0x82005280        0x0 /usr/lib/libulk.a(ulk_proc_intr.o)
 .bss           0x82005280        0x8 /usr/lib/libulk.a(ulk_proc_io.o)
                0x82005284                rxpoll
                0x82005280                a
 .bss           0x82005288       0xa0 /usr/lib/libulk.a(ulk_proc_timer.o)
 .bss           0x82005328        0x0 /ulk/toolchain/CodeSourcery/Sourcery_G++_Lite/lib/gcc/arm-none-linux-gnueabi/4.2.1/libgcc.a(_udivsi3.o)
 .bss           0x82005328        0x0 /ulk/toolchain/CodeSourcery/Sourcery_G++_Lite/lib/gcc/arm-none-linux-gnueabi/4.2.1/libgcc.a(_dvmd_lnx.o)
 *(COMMON)
 *fill*         0x82005328       0x18 00
 COMMON         0x82005340      0x8ce /usr/lib/libulk.a(ulk_proc_io.o)
                0x82005340                received_scanf_string
                0x820053a4                receive_buffer
                0x82005b80                buffer
                0x82005c20                . = ALIGN (0x20)
 *fill*         0x82005c0e       0x12 00
                0x82005c20                __bss_end = .

.stack          0x82007800        0x0
                0x82007800                __stack_start = .
 *(.stack)
                0x82007800                __stack_end = .
                0x82007800                . = ALIGN (0x20)
LOAD /usr/lib/libulk.a
LOAD /ulk/toolchain/CodeSourcery/Sourcery_G++_Lite/lib/gcc/arm-none-linux-gnueabi/4.2.1/libgcc.a
Address of section .text set to 0x82000000
OUTPUT(motor_hbridge.elf elf32-littlearm)

.note.GNU-stack
                0x00000000        0x0
 .note.GNU-stack
                0x00000000        0x0 main.o
 .note.GNU-stack
                0x00000000        0x0 /usr/lib/libulk.a(ulk_proc_gpio.o)
 .note.GNU-stack
                0x00000000        0x0 /usr/lib/libulk.a(ulk_proc_intr.o)
 .note.GNU-stack
                0x00000000        0x0 /usr/lib/libulk.a(ulk_proc_io.o)
 .note.GNU-stack
                0x00000000        0x0 /usr/lib/libulk.a(ulk_proc_timer.o)
 .note.GNU-stack
                0x00000000        0x0 /ulk/toolchain/CodeSourcery/Sourcery_G++_Lite/lib/gcc/arm-none-linux-gnueabi/4.2.1/libgcc.a(_udivsi3.o)
 .note.GNU-stack
                0x00000000        0x0 /ulk/toolchain/CodeSourcery/Sourcery_G++_Lite/lib/gcc/arm-none-linux-gnueabi/4.2.1/libgcc.a(_dvmd_lnx.o)

.ARM.attributes
                0x00000000       0x2a
 .ARM.attributes
                0x00000000       0x2a main.o
 .ARM.attributes
                0x0000002a       0x2a /usr/lib/libulk.a(ulk_proc_gpio.o)
 .ARM.attributes
                0x00000054       0x2a /usr/lib/libulk.a(ulk_proc_intr.o)
 .ARM.attributes
                0x0000007e       0x2a /usr/lib/libulk.a(ulk_proc_io.o)
 .ARM.attributes
                0x000000a8       0x2a /usr/lib/libulk.a(ulk_proc_timer.o)
 .ARM.attributes
                0x000000d2       0x14 /ulk/toolchain/CodeSourcery/Sourcery_G++_Lite/lib/gcc/arm-none-linux-gnueabi/4.2.1/libgcc.a(_udivsi3.o)
 .ARM.attributes
                0x000000e6       0x14 /ulk/toolchain/CodeSourcery/Sourcery_G++_Lite/lib/gcc/arm-none-linux-gnueabi/4.2.1/libgcc.a(_dvmd_lnx.o)
